// Jest Snapshot v1, https://goo.gl/fbAQLP

exports[`FavoriteIcon renders item 1`] = `<span class="v-tooltip v-tooltip--bottom"><!----><button type="button" class="v-btn v-btn--is-elevated v-btn--has-bg theme--light v-size--default" style="width: 100%;" id="favorite-icon" data-testid="button" aria-haspopup="true" aria-expanded="false"><span class="v-btn__content"><svg id="Layer_1" data-name="Layer 1" xmlns="http://www.w3.org/2000/svg" viewBox="0 0 111 197.29" height="2em" width="2em"><transition-stub name="bookmark"><polygon id="background" points="109.5 193.5 56.02 136.52 1.5 193.5 1.5 1.5 109.5 1.5 109.5 193.5" fill="#1b579e" stroke="#000" stroke-miterlimit="10" stroke-width="3"></polygon></transition-stub> <transition-stub name="star"><polygon id="star" points="78.31 91.9 55 80.53 31.54 91.57 36.16 67.86 17.35 50.91 43.52 47.63 55.35 26.11 66.9 47.79 93.03 51.44 74 68.13 78.31 91.9" fill="#f9ff00" stroke="#000" stroke-miterlimit="10" stroke-width="3"></polygon></transition-stub></svg></span></button></span>`;
